This is pdfTeX, Version 3.141592653-2.6-1.40.24 (TeX Live 2022) (preloaded format=pdflatex 2023.3.6)  15 APR 2023 15:31
entering extended mode
 \write18 enabled.
 %&-line parsing enabled.
**"C:/Users/lshan/Documents/UMass Amherst/04 Senior/Honors Thesis/covidTHieF/ms_thesis/ms_thesis.tex"
(c:/Users/lshan/Documents/UMass Amherst/04 Senior/Honors Thesis/covidTHieF/ms_thesis/ms_thesis.tex
LaTeX2e <2022-11-01> patch level 1
L3 programming layer <2023-02-22> (./umassthesis.cls
Document Class: umassthesis 2014/04/16 v1.26 U.Mass. dissertation class
(c:/Users/lshan/AppData/Roaming/TinyTeX/texmf-dist/tex/latex/base/report.cls
Document Class: report 2022/07/02 v1.4n Standard LaTeX document class
(c:/Users/lshan/AppData/Roaming/TinyTeX/texmf-dist/tex/latex/base/size12.clo
File: size12.clo 2022/07/02 v1.4n Standard LaTeX file (size option)
)
\c@part=\count185
\c@chapter=\count186
\c@section=\count187
\c@subsection=\count188
\c@subsubsection=\count189
\c@paragraph=\count190
\c@subparagraph=\count191
\c@figure=\count192
\c@table=\count193
\abovecaptionskip=\skip48
\belowcaptionskip=\skip49
\bibindent=\dimen140
) (c:/Users/lshan/AppData/Roaming/TinyTeX/texmf-dist/tex/latex/textcase/textcase.sty
Package: textcase 2022/07/10 v1.03 Text only upper/lower case changing (DPC)
Package textcase Info: Defining Legacy names on input line 20.
) (c:/Users/lshan/AppData/Roaming/TinyTeX/texmf-dist/tex/latex/etoolbox/etoolbox.sty
Package: etoolbox 2020/10/05 v2.5k e-TeX tools for LaTeX (JAW)
\etb@tempcnta=\count194
) (./umth12pt.clo
File: umth12pt.clo 1997/09/08 16:03:30 1.3 U.Mass. thesis (size option)
)
\c@count@FrontMatter=\count195
\c@count@Chapter=\count196
\c@count@Appendix=\count197
\c@count@BackMatter=\count198
Patching chapter command 1 succeeded
Patching chapter command 2 succeeded
Patching chapter command 3 succeeded
Appending to chapter command succeeded
\umassthesis@contentshangindent=\skip50
\tablenumberwidth=\skip51
(./umthstd.clo
File: umthstd.clo 2003/10/16 20:56:33 1.12 U.Mass. thesis frontmatter option
)
\umassthesis@basefootnotesep=\skip52
\umassthesis@baseskipfootins=\skip53
Patching footnotetext succeeded
) (c:/Users/lshan/AppData/Roaming/TinyTeX/texmf-dist/tex/latex/hyperref/hyperref.sty
Package: hyperref 2023-02-07 v7.00v Hypertext links for LaTeX
(c:/Users/lshan/AppData/Roaming/TinyTeX/texmf-dist/tex/generic/ltxcmds/ltxcmds.sty
Package: ltxcmds 2020-05-10 v1.25 LaTeX kernel commands for general use (HO)
) (c:/Users/lshan/AppData/Roaming/TinyTeX/texmf-dist/tex/generic/iftex/iftex.sty
Package: iftex 2022/02/03 v1.0f TeX engine tests
) (c:/Users/lshan/AppData/Roaming/TinyTeX/texmf-dist/tex/generic/pdftexcmds/pdftexcmds.sty
Package: pdftexcmds 2020-06-27 v0.33 Utility functions of pdfTeX for LuaTeX (HO)
(c:/Users/lshan/AppData/Roaming/TinyTeX/texmf-dist/tex/generic/infwarerr/infwarerr.sty
Package: infwarerr 2019/12/03 v1.5 Providing info/warning/error messages (HO)
)
Package pdftexcmds Info: \pdf@primitive is available.
Package pdftexcmds Info: \pdf@ifprimitive is available.
Package pdftexcmds Info: \pdfdraftmode found.
) (c:/Users/lshan/AppData/Roaming/TinyTeX/texmf-dist/tex/latex/graphics/keyval.sty
Package: keyval 2022/05/29 v1.15 key=value parser (DPC)
\KV@toks@=\toks16
) (c:/Users/lshan/AppData/Roaming/TinyTeX/texmf-dist/tex/latex/kvsetkeys/kvsetkeys.sty
Package: kvsetkeys 2022-10-05 v1.19 Key value parser (HO)
) (c:/Users/lshan/AppData/Roaming/TinyTeX/texmf-dist/tex/generic/kvdefinekeys/kvdefinekeys.sty
Package: kvdefinekeys 2019-12-19 v1.6 Define keys (HO)
) (c:/Users/lshan/AppData/Roaming/TinyTeX/texmf-dist/tex/generic/pdfescape/pdfescape.sty
Package: pdfescape 2019/12/09 v1.15 Implements pdfTeX's escape features (HO)
) (c:/Users/lshan/AppData/Roaming/TinyTeX/texmf-dist/tex/latex/hycolor/hycolor.sty
Package: hycolor 2020-01-27 v1.10 Color options for hyperref/bookmark (HO)
) (c:/Users/lshan/AppData/Roaming/TinyTeX/texmf-dist/tex/latex/letltxmacro/letltxmacro.sty
Package: letltxmacro 2019/12/03 v1.6 Let assignment for LaTeX macros (HO)
) (c:/Users/lshan/AppData/Roaming/TinyTeX/texmf-dist/tex/latex/auxhook/auxhook.sty
Package: auxhook 2019-12-17 v1.6 Hooks for auxiliary files (HO)
) (c:/Users/lshan/AppData/Roaming/TinyTeX/texmf-dist/tex/latex/hyperref/nameref.sty
Package: nameref 2022-05-17 v2.50 Cross-referencing by name of section
(c:/Users/lshan/AppData/Roaming/TinyTeX/texmf-dist/tex/latex/refcount/refcount.sty
Package: refcount 2019/12/15 v3.6 Data extraction from label references (HO)
) (c:/Users/lshan/AppData/Roaming/TinyTeX/texmf-dist/tex/generic/gettitlestring/gettitlestring.sty
Package: gettitlestring 2019/12/15 v1.6 Cleanup title references (HO)
(c:/Users/lshan/AppData/Roaming/TinyTeX/texmf-dist/tex/latex/kvoptions/kvoptions.sty
Package: kvoptions 2022-06-15 v3.15 Key value format for package options (HO)
))
\c@section@level=\count199
)
\@linkdim=\dimen141
\Hy@linkcounter=\count266
\Hy@pagecounter=\count267
(c:/Users/lshan/AppData/Roaming/TinyTeX/texmf-dist/tex/latex/hyperref/pd1enc.def
File: pd1enc.def 2023-02-07 v7.00v Hyperref: PDFDocEncoding definition (HO)
Now handling font encoding PD1 ...
... no UTF-8 mapping file for font encoding PD1
) (c:/Users/lshan/AppData/Roaming/TinyTeX/texmf-dist/tex/generic/intcalc/intcalc.sty
Package: intcalc 2019/12/15 v1.3 Expandable calculations with integers (HO)
) (c:/Users/lshan/AppData/Roaming/TinyTeX/texmf-dist/tex/generic/etexcmds/etexcmds.sty
Package: etexcmds 2019/12/15 v1.7 Avoid name clashes with e-TeX commands (HO)
)
\Hy@SavedSpaceFactor=\count268
(c:/Users/lshan/AppData/Roaming/TinyTeX/texmf-dist/tex/latex/hyperref/puenc.def
File: puenc.def 2023-02-07 v7.00v Hyperref: PDF Unicode definition (HO)
Now handling font encoding PU ...
... no UTF-8 mapping file for font encoding PU
)
Package hyperref Info: Hyper figures OFF on input line 4177.
Package hyperref Info: Link nesting OFF on input line 4182.
Package hyperref Info: Hyper index ON on input line 4185.
Package hyperref Info: Plain pages OFF on input line 4192.
Package hyperref Info: Backreferencing OFF on input line 4197.
Package hyperref Info: Implicit mode ON; LaTeX internals redefined.
Package hyperref Info: Bookmarks ON on input line 4425.
\c@Hy@tempcnt=\count269
(c:/Users/lshan/AppData/Roaming/TinyTeX/texmf-dist/tex/latex/url/url.sty
\Urlmuskip=\muskip16
Package: url 2013/09/16  ver 3.4  Verb mode for urls, etc.
)
LaTeX Info: Redefining \url on input line 4763.
\XeTeXLinkMargin=\dimen142
(c:/Users/lshan/AppData/Roaming/TinyTeX/texmf-dist/tex/generic/bitset/bitset.sty
Package: bitset 2019/12/09 v1.3 Handle bit-vector datatype (HO)
(c:/Users/lshan/AppData/Roaming/TinyTeX/texmf-dist/tex/generic/bigintcalc/bigintcalc.sty
Package: bigintcalc 2019/12/15 v1.5 Expandable calculations on big integers (HO)
))
\Fld@menulength=\count270
\Field@Width=\dimen143
\Fld@charsize=\dimen144
Package hyperref Info: Hyper figures OFF on input line 6042.
Package hyperref Info: Link nesting OFF on input line 6047.
Package hyperref Info: Hyper index ON on input line 6050.
Package hyperref Info: backreferencing OFF on input line 6057.
Package hyperref Info: Link coloring OFF on input line 6062.
Package hyperref Info: Link coloring with OCG OFF on input line 6067.
Package hyperref Info: PDF/A mode OFF on input line 6072.
(c:/Users/lshan/AppData/Roaming/TinyTeX/texmf-dist/tex/latex/base/atbegshi-ltx.sty
Package: atbegshi-ltx 2021/01/10 v1.0c Emulation of the original atbegshi
package with kernel methods
)
\Hy@abspage=\count271
\c@Item=\count272
\c@Hfootnote=\count273
)
Package hyperref Info: Driver (autodetected): hpdftex.
(c:/Users/lshan/AppData/Roaming/TinyTeX/texmf-dist/tex/latex/hyperref/hpdftex.def
File: hpdftex.def 2023-02-07 v7.00v Hyperref driver for pdfTeX
(c:/Users/lshan/AppData/Roaming/TinyTeX/texmf-dist/tex/latex/base/atveryend-ltx.sty
Package: atveryend-ltx 2020/08/19 v1.0a Emulation of the original atveryend package
with kernel methods
)
\Fld@listcount=\count274
\c@bookmark@seq@number=\count275
(c:/Users/lshan/AppData/Roaming/TinyTeX/texmf-dist/tex/latex/rerunfilecheck/rerunfilecheck.sty
Package: rerunfilecheck 2022-07-10 v1.10 Rerun checks for auxiliary files (HO)
(c:/Users/lshan/AppData/Roaming/TinyTeX/texmf-dist/tex/generic/uniquecounter/uniquecounter.sty
Package: uniquecounter 2019/12/15 v1.4 Provide unlimited unique counter (HO)
)
Package uniquecounter Info: New unique counter `rerunfilecheck' on input line 285.
)
\Hy@SectionHShift=\skip54
) (c:/Users/lshan/AppData/Roaming/TinyTeX/texmf-dist/tex/latex/graphics/graphicx.sty
Package: graphicx 2021/09/16 v1.2d Enhanced LaTeX Graphics (DPC,SPQR)
(c:/Users/lshan/AppData/Roaming/TinyTeX/texmf-dist/tex/latex/graphics/graphics.sty
Package: graphics 2022/03/10 v1.4e Standard LaTeX Graphics (DPC,SPQR)
(c:/Users/lshan/AppData/Roaming/TinyTeX/texmf-dist/tex/latex/graphics/trig.sty
Package: trig 2021/08/11 v1.11 sin cos tan (DPC)
) (c:/Users/lshan/AppData/Roaming/TinyTeX/texmf-dist/tex/latex/graphics-cfg/graphics.cfg
File: graphics.cfg 2016/06/04 v1.11 sample graphics configuration
)
Package graphics Info: Driver file: pdftex.def on input line 107.
(c:/Users/lshan/AppData/Roaming/TinyTeX/texmf-dist/tex/latex/graphics-def/pdftex.def
File: pdftex.def 2022/09/22 v1.2b Graphics/color driver for pdftex
))
\Gin@req@height=\dimen145
\Gin@req@width=\dimen146
) (c:/Users/lshan/AppData/Roaming/TinyTeX/texmf-dist/tex/latex/amsmath/amsmath.sty
Package: amsmath 2022/04/08 v2.17n AMS math features
\@mathmargin=\skip55
For additional information on amsmath, use the `?' option.
(c:/Users/lshan/AppData/Roaming/TinyTeX/texmf-dist/tex/latex/amsmath/amstext.sty
Package: amstext 2021/08/26 v2.01 AMS text
(c:/Users/lshan/AppData/Roaming/TinyTeX/texmf-dist/tex/latex/amsmath/amsgen.sty
File: amsgen.sty 1999/11/30 v2.0 generic functions
\@emptytoks=\toks17
\ex@=\dimen147
)) (c:/Users/lshan/AppData/Roaming/TinyTeX/texmf-dist/tex/latex/amsmath/amsbsy.sty
Package: amsbsy 1999/11/29 v1.2d Bold Symbols
\pmbraise@=\dimen148
) (c:/Users/lshan/AppData/Roaming/TinyTeX/texmf-dist/tex/latex/amsmath/amsopn.sty
Package: amsopn 2022/04/08 v2.04 operator names
)
\inf@bad=\count276
LaTeX Info: Redefining \frac on input line 234.
\uproot@=\count277
\leftroot@=\count278
LaTeX Info: Redefining \overline on input line 399.
LaTeX Info: Redefining \colon on input line 410.
\classnum@=\count279
\DOTSCASE@=\count280
LaTeX Info: Redefining \ldots on input line 496.
LaTeX Info: Redefining \dots on input line 499.
LaTeX Info: Redefining \cdots on input line 620.
\Mathstrutbox@=\box51
\strutbox@=\box52
LaTeX Info: Redefining \big on input line 722.
LaTeX Info: Redefining \Big on input line 723.
LaTeX Info: Redefining \bigg on input line 724.
LaTeX Info: Redefining \Bigg on input line 725.
\big@size=\dimen149
LaTeX Font Info:    Redeclaring font encoding OML on input line 743.
LaTeX Font Info:    Redeclaring font encoding OMS on input line 744.
\macc@depth=\count281
LaTeX Info: Redefining \bmod on input line 905.
LaTeX Info: Redefining \pmod on input line 910.
LaTeX Info: Redefining \smash on input line 940.
LaTeX Info: Redefining \relbar on input line 970.
LaTeX Info: Redefining \Relbar on input line 971.
\c@MaxMatrixCols=\count282
\dotsspace@=\muskip17
\c@parentequation=\count283
\dspbrk@lvl=\count284
\tag@help=\toks18
\row@=\count285
\column@=\count286
\maxfields@=\count287
\andhelp@=\toks19
\eqnshift@=\dimen150
\alignsep@=\dimen151
\tagshift@=\dimen152
\tagwidth@=\dimen153
\totwidth@=\dimen154
\lineht@=\dimen155
\@envbody=\toks20
\multlinegap=\skip56
\multlinetaggap=\skip57
\mathdisplay@stack=\toks21
LaTeX Info: Redefining \[ on input line 2953.
LaTeX Info: Redefining \] on input line 2954.
) (c:/Users/lshan/AppData/Roaming/TinyTeX/texmf-dist/tex/latex/amsfonts/amssymb.sty
Package: amssymb 2013/01/14 v3.01 AMS font symbols
(c:/Users/lshan/AppData/Roaming/TinyTeX/texmf-dist/tex/latex/amsfonts/amsfonts.sty
Package: amsfonts 2013/01/14 v3.01 Basic AMSFonts support
\symAMSa=\mathgroup4
\symAMSb=\mathgroup5
LaTeX Font Info:    Redeclaring math symbol \hbar on input line 98.
LaTeX Font Info:    Overwriting math alphabet `\mathfrak' in version `bold'
(Font)                  U/euf/m/n --> U/euf/b/n on input line 106.
)) (c:/Users/lshan/AppData/Roaming/TinyTeX/texmf-dist/tex/latex/lipsum/lipsum.sty (c:/Users/lshan/AppData/Roaming/TinyTeX/texmf-dist/tex/latex/l3packages/l3keys2e/l3keys2e.sty (c:/Users/lshan/AppData/Roaming/TinyTeX/texmf-dist/tex/latex/l3kernel/expl3.sty
Package: expl3 2023-02-22 L3 programming layer (loader) 
(c:/Users/lshan/AppData/Roaming/TinyTeX/texmf-dist/tex/latex/l3backend/l3backend-pdftex.def
File: l3backend-pdftex.def 2023-01-16 L3 backend support: PDF output (pdfTeX)
\l__color_backend_stack_int=\count288
\l__pdf_internal_box=\box53
))
Package: l3keys2e 2023-02-02 LaTeX2e option processing using LaTeX3 keys
)
Package: lipsum 2021-09-20 v2.7 150 paragraphs of Lorem Ipsum dummy text
\g__lipsum_par_int=\count289
\l__lipsum_a_int=\count290
\l__lipsum_b_int=\count291
(c:/Users/lshan/AppData/Roaming/TinyTeX/texmf-dist/tex/latex/lipsum/lipsum.ltd.tex)) (c:/Users/lshan/AppData/Roaming/TinyTeX/texmf-dist/tex/latex/base/latexsym.sty
Package: latexsym 1998/08/17 v2.2e Standard LaTeX package (lasy symbols)
\symlasy=\mathgroup6
LaTeX Font Info:    Overwriting symbol font `lasy' in version `bold'
(Font)                  U/lasy/m/n --> U/lasy/b/n on input line 52.
) (c:/Users/lshan/AppData/Roaming/TinyTeX/texmf-dist/tex/latex/booktabs/booktabs.sty
Package: booktabs 2020/01/12 v1.61803398 Publication quality tables
\heavyrulewidth=\dimen156
\lightrulewidth=\dimen157
\cmidrulewidth=\dimen158
\belowrulesep=\dimen159
\belowbottomsep=\dimen160
\aboverulesep=\dimen161
\abovetopsep=\dimen162
\cmidrulesep=\dimen163
\cmidrulekern=\dimen164
\defaultaddspace=\dimen165
\@cmidla=\count292
\@cmidlb=\count293
\@aboverulesep=\dimen166
\@belowrulesep=\dimen167
\@thisruleclass=\count294
\@lastruleclass=\count295
\@thisrulewidth=\dimen168
) (c:/Users/lshan/AppData/Roaming/TinyTeX/texmf-dist/tex/latex/tools/longtable.sty
Package: longtable 2021-09-01 v4.17 Multi-page Table package (DPC)
\LTleft=\skip58
\LTright=\skip59
\LTpre=\skip60
\LTpost=\skip61
\LTchunksize=\count296
\LTcapwidth=\dimen169
\LT@head=\box54
\LT@firsthead=\box55
\LT@foot=\box56
\LT@lastfoot=\box57
\LT@gbox=\box58
\LT@cols=\count297
\LT@rows=\count298
\c@LT@tables=\count299
\c@LT@chunks=\count300
\LT@p@ftn=\toks22
) (c:/Program Files/R/R-4.1.3/share/texmf/tex/latex/Sweave.sty
Package: Sweave 
(c:/Users/lshan/AppData/Roaming/TinyTeX/texmf-dist/tex/latex/base/ifthen.sty
Package: ifthen 2022/04/13 v1.1d Standard LaTeX ifthen package (DPC)
) (c:/Users/lshan/AppData/Roaming/TinyTeX/texmf-dist/tex/latex/fancyvrb/fancyvrb.sty
Package: fancyvrb 2023/01/19 4.5a verbatim text (tvz,hv)
\FV@CodeLineNo=\count301
\FV@InFile=\read2
\FV@TabBox=\box59
\c@FancyVerbLine=\count302
\FV@StepNumber=\count303
\FV@OutFile=\write3
) (c:/Users/lshan/AppData/Roaming/TinyTeX/texmf-dist/tex/latex/base/textcomp.sty
Package: textcomp 2020/02/02 v2.0n Standard LaTeX package
) (c:/Users/lshan/AppData/Roaming/TinyTeX/texmf-dist/tex/latex/base/fontenc.sty
Package: fontenc 2021/04/29 v2.0v Standard LaTeX package
) (c:/Users/lshan/AppData/Roaming/TinyTeX/texmf-dist/tex/latex/ae/ae.sty
Package: ae 2001/02/12 1.3 Almost European Computer Modern
(c:/Users/lshan/AppData/Roaming/TinyTeX/texmf-dist/tex/latex/base/fontenc.sty
Package: fontenc 2021/04/29 v2.0v Standard LaTeX package
)))
Disabled uppercase in PDF strings
LaTeX Font Info:    Trying to load font information for T1+aer on input line 118.
(c:/Users/lshan/AppData/Roaming/TinyTeX/texmf-dist/tex/latex/ae/t1aer.fd
File: t1aer.fd 1997/11/16 Font definitions for T1/aer.
) (./ms_thesis.aux)
\openout1 = `ms_thesis.aux'.

LaTeX Font Info:    Checking defaults for OML/cmm/m/it on input line 118.
LaTeX Font Info:    ... okay on input line 118.
LaTeX Font Info:    Checking defaults for OMS/cmsy/m/n on input line 118.
LaTeX Font Info:    ... okay on input line 118.
LaTeX Font Info:    Checking defaults for OT1/cmr/m/n on input line 118.
LaTeX Font Info:    ... okay on input line 118.
LaTeX Font Info:    Checking defaults for T1/cmr/m/n on input line 118.
LaTeX Font Info:    ... okay on input line 118.
LaTeX Font Info:    Checking defaults for TS1/cmr/m/n on input line 118.
LaTeX Font Info:    ... okay on input line 118.
LaTeX Font Info:    Checking defaults for OMX/cmex/m/n on input line 118.
LaTeX Font Info:    ... okay on input line 118.
LaTeX Font Info:    Checking defaults for U/cmr/m/n on input line 118.
LaTeX Font Info:    ... okay on input line 118.
LaTeX Font Info:    Checking defaults for PD1/pdf/m/n on input line 118.
LaTeX Font Info:    ... okay on input line 118.
LaTeX Font Info:    Checking defaults for PU/pdf/m/n on input line 118.
LaTeX Font Info:    ... okay on input line 118.
Package hyperref Info: Link coloring OFF on input line 118.
(./ms_thesis.out) (./ms_thesis.out)
\@outlinefile=\write4
\openout4 = `ms_thesis.out'.

(c:/Users/lshan/AppData/Roaming/TinyTeX/texmf-dist/tex/latex/epstopdf-pkg/epstopdf-base.sty
Package: epstopdf-base 2020-01-24 v2.11 Base part for package epstopdf
(c:/Users/lshan/AppData/Roaming/TinyTeX/texmf-dist/tex/latex/grfext/grfext.sty
Package: grfext 2019/12/03 v1.3 Manage graphics extensions (HO)
)
Package epstopdf-base Info: Redefining graphics rule for `.eps' on input line 485.
Package grfext Info: Graphics extension search list:
(grfext)             [.pdf,.png,.jpg,.mps,.jpeg,.jbig2,.jb2,.PDF,.PNG,.JPG,.JPEG,.JBIG2,.JB2,.eps]
(grfext)             \AppendGraphicsExtensions on input line 504.
(c:/Users/lshan/AppData/Roaming/TinyTeX/texmf-dist/tex/latex/latexconfig/epstopdf-sys.cfg
File: epstopdf-sys.cfg 2010/07/13 v1.3 Configuration of (r)epstopdf for TeX Live
)) (./ms_thesis-concordance.tex) [1

{c:/Users/lshan/AppData/Roaming/TinyTeX/texmf-var/fonts/map/pdftex/updmap/pdftex.map}]
\lenguide=\skip62
[2

] [3


] [4] (./ms_thesis.toc
LaTeX Font Info:    Trying to load font information for U+msa on input line 1.
(c:/Users/lshan/AppData/Roaming/TinyTeX/texmf-dist/tex/latex/amsfonts/umsa.fd
File: umsa.fd 2013/01/14 v3.01 AMS symbols A
)
LaTeX Font Info:    Trying to load font information for U+msb on input line 1.
(c:/Users/lshan/AppData/Roaming/TinyTeX/texmf-dist/tex/latex/amsfonts/umsb.fd
File: umsb.fd 2013/01/14 v3.01 AMS symbols B
)
LaTeX Font Info:    Trying to load font information for U+lasy on input line 1.
(c:/Users/lshan/AppData/Roaming/TinyTeX/texmf-dist/tex/latex/base/ulasy.fd
File: ulasy.fd 1998/08/17 v2.2e LaTeX symbol font definitions
) [5

])
\tf@toc=\write5
\openout5 = `ms_thesis.toc'.

[6] (./ms_thesis.lot)
\tf@lot=\write6
\openout6 = `ms_thesis.lot'.

[7

] (./ms_thesis.lof)
\tf@lof=\write7
\openout7 = `ms_thesis.lof'.

[8

]
Chapter 1.
[1


] [2] [3] [4]
Chapter 2.
[5

] [6] [7] [8]
<ms_thesis-evaluation_period_plot.pdf, id=371, 1084.05pt x 650.43pt>
File: ms_thesis-evaluation_period_plot.pdf Graphic file (type pdf)
<use ms_thesis-evaluation_period_plot.pdf>
Package pdftex.def Info: ms_thesis-evaluation_period_plot.pdf  used on input line 313.
(pdftex.def)             Requested size: 433.62pt x 260.16739pt.
[9 <./ms_thesis-evaluation_period_plot.pdf>] [10] [11] [12] [13]
LaTeX Font Info:    Font shape `U/lasy/b/n' in size <8> not available
(Font)              Font shape `U/lasy/m/n' tried instead on input line 352.
LaTeX Font Info:    Font shape `U/lasy/b/n' in size <6> not available
(Font)              Font shape `U/lasy/m/n' tried instead on input line 352.
[14] [15] [16] [17] [18] [19] [20] [21] [22] [23] [24]
LaTeX Font Info:    Trying to load font information for TS1+aer on input line 458.
(c:/Program Files/R/R-4.1.3/share/texmf/tex/latex/ts1aer.fd
File: ts1aer.fd 
)
LaTeX Font Info:    Font shape `TS1/aer/m/n' in size <12> not available
(Font)              Font shape `TS1/cmr/m/n' tried instead on input line 458.
[25] [26] [27]
Chapter 3.

Overfull \hbox (63.66pt too wide) in paragraph at lines 483--484
\T1/aer/m/n/12 train3, sarima_s7-noTransform, sarima_s1-noTransform, THieF_12wk-4root, and THieF_ensemble-
 []

[28

]
Overfull \hbox (44.36269pt too wide) in paragraph at lines 570--571
\T1/aer/m/n/12 4_week_ensemble, the COVIDhub-baseline, a poor per-form-ing model (sarima_s7-noTransform),
 []

<ms_thesis-forecast_models_plot.pdf, id=564, 722.7pt x 867.24pt>
File: ms_thesis-forecast_models_plot.pdf Graphic file (type pdf)
<use ms_thesis-forecast_models_plot.pdf>
Package pdftex.def Info: ms_thesis-forecast_models_plot.pdf  used on input line 574.
(pdftex.def)             Requested size: 433.62pt x 520.34802pt.

Overfull \hbox (5.72005pt too wide) in paragraph at lines 580--581
\T1/aer/m/n/12 4root dis-play the sec-ond low-est WIS and MAE, fol-lowed closely be-hind by THieF_12wk-
 []


Overfull \hbox (4.15964pt too wide) in paragraph at lines 580--581
\T1/aer/m/n/12 and rel-a-tive MAE val-ues within 0.02 of each other. The two worst-performing models---
 []


Overfull \hbox (9.4523pt too wide) in paragraph at lines 580--581
\T1/aer/m/n/12 sarima_s1-noTransform and sarima_s7-noTransform---are con-sis-tent be-tween ge-o-graphic
 []

[29] [30] [31] [32 <./ms_thesis-forecast_models_plot.pdf>] [33]
Overfull \hbox (5.57683pt too wide) in paragraph at lines 613--627
 [] 
 []

[34]
<ms_thesis-horizon_plot.pdf, id=606, 578.16pt x 722.7pt>
File: ms_thesis-horizon_plot.pdf Graphic file (type pdf)
<use ms_thesis-horizon_plot.pdf>
Package pdftex.def Info: ms_thesis-horizon_plot.pdf  used on input line 643.
(pdftex.def)             Requested size: 433.62pt x 542.02367pt.

LaTeX Warning: Reference `tab:table_wave_us' on page 35 undefined on input line 649.

[35] [36 <./ms_thesis-horizon_plot.pdf>] [37]

LaTeX Warning: Reference `tab:table_wave_us' on page 38 undefined on input line 655.

<ms_thesis-wave_plot.pdf, id=633, 578.16pt x 722.7pt>
File: ms_thesis-wave_plot.pdf Graphic file (type pdf)
<use ms_thesis-wave_plot.pdf>
Package pdftex.def Info: ms_thesis-wave_plot.pdf  used on input line 659.
(pdftex.def)             Requested size: 433.62pt x 542.02367pt.
[38] [39 <./ms_thesis-wave_plot.pdf>]
<ms_thesis-states_date_plot.pdf, id=657, 578.16pt x 722.7pt>
File: ms_thesis-states_date_plot.pdf Graphic file (type pdf)
<use ms_thesis-states_date_plot.pdf>
Package pdftex.def Info: ms_thesis-states_date_plot.pdf  used on input line 673.
(pdftex.def)             Requested size: 433.62pt x 542.02367pt.
<ms_thesis-us_date_plot.pdf, id=658, 578.16pt x 722.7pt>
File: ms_thesis-us_date_plot.pdf Graphic file (type pdf)
<use ms_thesis-us_date_plot.pdf>
Package pdftex.def Info: ms_thesis-us_date_plot.pdf  used on input line 680.
(pdftex.def)             Requested size: 433.62pt x 542.02367pt.
[40] [41 <./ms_thesis-states_date_plot.pdf>] [42 <./ms_thesis-us_date_plot.pdf>]
<ms_thesis-location_plot.pdf, id=693, 1084.05pt x 1300.86pt>
File: ms_thesis-location_plot.pdf Graphic file (type pdf)
<use ms_thesis-location_plot.pdf>
Package pdftex.def Info: ms_thesis-location_plot.pdf  used on input line 692.
(pdftex.def)             Requested size: 433.62pt x 520.3348pt.
[43] [44 <./ms_thesis-location_plot.pdf>]
Chapter 4.

Overfull \hbox (24.7128pt too wide) in paragraph at lines 702--703
\T1/aer/b/n/12 pared to base-line model. \T1/aer/m/n/12 In terms of WIS and MAE, THieF_6wk-4root,THieF_12wk-
 []


Overfull \hbox (8.5947pt too wide) in paragraph at lines 702--703
\T1/aer/m/n/12 the COVIDhub-baseline, while THieF_6wk-noTransform al-most al-ways per-formed
 []

[45

]
Overfull \hbox (2.7286pt too wide) in paragraph at lines 706--707
[]\T1/aer/b/n/12 The ac-cu-racy im-prove-ments of the orig-i-nal THieF mod-els over the COVIDhub-
 []

[46]
Overfull \hbox (3.22394pt too wide) in paragraph at lines 708--709
\T1/aer/m/n/12 THieF_ensemble-train3 is marginally bet-ter than the un-trained THieF_ensemble-
 []

[47] [48] [49] [50]

Package hyperref Warning: bookmark level for unknown Appendix defaults to 0.

<../inst/thief_all.jpg, id=738, 368.8179pt x 361.35pt>
File: ../inst/thief_all.jpg Graphic file (type jpg)
<use ../inst/thief_all.jpg>
Package pdftex.def Info: ../inst/thief_all.jpg  used on input line 734.
(pdftex.def)             Requested size: 390.25534pt x 382.3565pt.
[51

 <../inst/thief_all.jpg>] [52] [53]
Overfull \hbox (7.0652pt too wide) in alignment at lines 839--881
 [] [] [] [] [] [] [] [] 
 []

[54] [55]
Overfull \hbox (17.96086pt too wide) in alignment at lines 895--937
 [] [] [] [] [] [] [] [] 
 []

[56] [57]
Overfull \hbox (11.39655pt too wide) in alignment at lines 953--1031
 [] [] [] [] [] [] [] [] [] 
 []

[58] [59] [60]
Overfull \hbox (17.26447pt too wide) in alignment at lines 1050--1128
 [] [] [] [] [] [] [] [] [] 
 []

[61] [62] (./ms_thesis.bbl [63]

Package hyperref Warning: bookmark level for unknown BackMatter defaults to 0.

LaTeX Font Info:    Trying to load font information for T1+aett on input line 17.
(c:/Users/lshan/AppData/Roaming/TinyTeX/texmf-dist/tex/latex/ae/t1aett.fd
File: t1aett.fd 1997/11/16 Font definitions for T1/aett.
) [64

]
Underfull \hbox (badness 10000) in paragraph at lines 129--135
\T1/aett/m/n/12 gov / Hospital / COVID-[]19-[]Reported-[]Patient-[]Impact-[]and-[]Hospital-[]Capa /
 []

) [65] (./ms_thesis.aux)

LaTeX Warning: There were undefined references.

Package rerunfilecheck Info: File `ms_thesis.out' has not changed.
(rerunfilecheck)             Checksum: BBC5F98C9DDA9B126CD4C64997F47FF7;5604.
 ) 
Here is how much of TeX's memory you used:
 11614 strings out of 477984
 188464 string characters out of 5837742
 1903382 words of memory out of 5000000
 31399 multiletter control sequences out of 15000+600000
 543139 words of font info for 104 fonts, out of 8000000 for 9000
 14 hyphenation exceptions out of 8191
 75i,11n,77p,1550b,564s stack positions out of 10000i,1000n,20000p,200000b,200000s
 <c:/Users/lshan/AppData/Roaming/TinyTeX/texmf-var/fonts/pk/ljfour/jknappen/ec/tcrm1200.600pk><c:/Users/lshan/AppData/Roaming/TinyTeX/texmf-dist/fonts/type1/public/amsfonts/cm/cmb10.pfb><c:/Users/lshan/AppData/Roaming/TinyTeX/texmf-dist/fonts/type1/public/amsfonts/cmextra/cmbsy8.pfb><c:/Users/lshan/AppData/Roaming/TinyTeX/texmf-dist/fonts/type1/public/amsfonts/cm/cmbx12.pfb><c:/Users/lshan/AppData/Roaming/TinyTeX/texmf-dist/fonts/type1/public/amsfonts/cm/cmbx8.pfb><c:/Users/lshan/AppData/Roaming/TinyTeX/texmf-dist/fonts/type1/public/amsfonts/cm/cmex10.pfb><c:/Users/lshan/AppData/Roaming/TinyTeX/texmf-dist/fonts/type1/public/amsfonts/cm/cmmi10.pfb><c:/Users/lshan/AppData/Roaming/TinyTeX/texmf-dist/fonts/type1/public/amsfonts/cm/cmmi12.pfb><c:/Users/lshan/AppData/Roaming/TinyTeX/texmf-dist/fonts/type1/public/amsfonts/cm/cmmi6.pfb><c:/Users/lshan/AppData/Roaming/TinyTeX/texmf-dist/fonts/type1/public/amsfonts/cm/cmmi8.pfb><c:/Users/lshan/AppData/Roaming/TinyTeX/texmf-dist/fonts/type1/public/amsfonts/cm/cmmib10.pfb><c:/Users/lshan/AppData/Roaming/TinyTeX/texmf-dist/fonts/type1/public/amsfonts/cmextra/cmmib8.pfb><c:/Users/lshan/AppData/Roaming/TinyTeX/texmf-dist/fonts/type1/public/amsfonts/cm/cmr10.pfb><c:/Users/lshan/AppData/Roaming/TinyTeX/texmf-dist/fonts/type1/public/amsfonts/cm/cmr12.pfb><c:/Users/lshan/AppData/Roaming/TinyTeX/texmf-dist/fonts/type1/public/amsfonts/cm/cmr6.pfb><c:/Users/lshan/AppData/Roaming/TinyTeX/texmf-dist/fonts/type1/public/amsfonts/cm/cmr7.pfb><c:/Users/lshan/AppData/Roaming/TinyTeX/texmf-dist/fonts/type1/public/amsfonts/cm/cmr8.pfb><c:/Users/lshan/AppData/Roaming/TinyTeX/texmf-dist/fonts/type1/public/amsfonts/cm/cmsy10.pfb><c:/Users/lshan/AppData/Roaming/TinyTeX/texmf-dist/fonts/type1/public/amsfonts/cm/cmsy6.pfb><c:/Users/lshan/AppData/Roaming/TinyTeX/texmf-dist/fonts/type1/public/amsfonts/cm/cmsy8.pfb><c:/Users/lshan/AppData/Roaming/TinyTeX/texmf-dist/fonts/type1/public/amsfonts/cm/cmti12.pfb><c:/Users/lshan/AppData/Roaming/TinyTeX/texmf-dist/fonts/type1/public/amsfonts/cm/cmtt12.pfb><c:/Users/lshan/AppData/Roaming/TinyTeX/texmf-dist/fonts/type1/public/amsfonts/symbols/msbm10.pfb>
Output written on ms_thesis.pdf (73 pages, 1078036 bytes).
PDF statistics:
 958 PDF objects out of 1000 (max. 8388607)
 812 compressed objects within 9 object streams
 167 named destinations out of 1000 (max. 500000)
 325 words of extra memory for PDF output out of 10000 (max. 10000000)

