This is pdfTeX, Version 3.141592653-2.6-1.40.26 (TeX Live 2024) (preloaded format=pdflatex 2025.1.27)  30 JAN 2025 14:58
entering extended mode
 restricted \write18 enabled.
 %&-line parsing enabled.
**ms_thesis.tex
(./ms_thesis.tex
LaTeX2e <2024-11-01> patch level 1
L3 programming layer <2024-12-25>
(./umassthesis.cls
Document Class: umassthesis 2014/04/16 v1.26 U.Mass. dissertation class
(c:/Users/lshandross/AppData/Roaming/TinyTeX/texmf-dist/tex/latex/base/report.cls
Document Class: report 2024/06/29 v1.4n Standard LaTeX document class
(c:/Users/lshandross/AppData/Roaming/TinyTeX/texmf-dist/tex/latex/base/size12.clo
File: size12.clo 2024/06/29 v1.4n Standard LaTeX file (size option)
)
\c@part=\count196
\c@chapter=\count197
\c@section=\count198
\c@subsection=\count199
\c@subsubsection=\count266
\c@paragraph=\count267
\c@subparagraph=\count268
\c@figure=\count269
\c@table=\count270
\abovecaptionskip=\skip49
\belowcaptionskip=\skip50
\bibindent=\dimen141
) (c:/Users/lshandross/AppData/Roaming/TinyTeX/texmf-dist/tex/latex/textcase/textcase.sty
Package: textcase 2023/07/27 v1.04 Text only upper/lower case changing (DPC)
Package textcase Info: Defining Legacy names on input line 20.
) (c:/Users/lshandross/AppData/Roaming/TinyTeX/texmf-dist/tex/latex/etoolbox/etoolbox.sty
Package: etoolbox 2020/10/05 v2.5k e-TeX tools for LaTeX (JAW)
\etb@tempcnta=\count271
) (./umth12pt.clo
File: umth12pt.clo 1997/09/08 16:03:30 1.3 U.Mass. thesis (size option)
)
\c@count@FrontMatter=\count272
\c@count@Chapter=\count273
\c@count@Appendix=\count274
\c@count@BackMatter=\count275

Patching chapter command 1 succeeded
Patching chapter command 2 succeeded
Patching chapter command 3 succeeded
Appending to chapter command succeeded
\umassthesis@contentshangindent=\skip51
\tablenumberwidth=\skip52
(./umthstd.clo
File: umthstd.clo 2003/10/16 20:56:33 1.12 U.Mass. thesis frontmatter option
)
\umassthesis@basefootnotesep=\skip53
\umassthesis@baseskipfootins=\skip54

Patching footnotetext succeeded
) (c:/Users/lshandross/AppData/Roaming/TinyTeX/texmf-dist/tex/latex/hyperref/hyperref.sty
Package: hyperref 2024-11-05 v7.01l Hypertext links for LaTeX
 (c:/Users/lshandross/AppData/Roaming/TinyTeX/texmf-dist/tex/generic/iftex/iftex.sty
Package: iftex 2024/12/12 v1.0g TeX engine tests
) (c:/Users/lshandross/AppData/Roaming/TinyTeX/texmf-dist/tex/latex/graphics/keyval.sty
Package: keyval 2022/05/29 v1.15 key=value parser (DPC)
\KV@toks@=\toks17
) (c:/Users/lshandross/AppData/Roaming/TinyTeX/texmf-dist/tex/latex/kvsetkeys/kvsetkeys.sty
Package: kvsetkeys 2022-10-05 v1.19 Key value parser (HO)
) (c:/Users/lshandross/AppData/Roaming/TinyTeX/texmf-dist/tex/generic/kvdefinekeys/kvdefinekeys.sty
Package: kvdefinekeys 2019-12-19 v1.6 Define keys (HO)
) (c:/Users/lshandross/AppData/Roaming/TinyTeX/texmf-dist/tex/generic/pdfescape/pdfescape.sty
Package: pdfescape 2019/12/09 v1.15 Implements pdfTeX's escape features (HO)
 (c:/Users/lshandross/AppData/Roaming/TinyTeX/texmf-dist/tex/generic/ltxcmds/ltxcmds.sty
Package: ltxcmds 2023-12-04 v1.26 LaTeX kernel commands for general use (HO)
) (c:/Users/lshandross/AppData/Roaming/TinyTeX/texmf-dist/tex/generic/pdftexcmds/pdftexcmds.sty
Package: pdftexcmds 2020-06-27 v0.33 Utility functions of pdfTeX for LuaTeX (HO)
 (c:/Users/lshandross/AppData/Roaming/TinyTeX/texmf-dist/tex/generic/infwarerr/infwarerr.sty
Package: infwarerr 2019/12/03 v1.5 Providing info/warning/error messages (HO)
)
Package pdftexcmds Info: \pdf@primitive is available.
Package pdftexcmds Info: \pdf@ifprimitive is available.
Package pdftexcmds Info: \pdfdraftmode found.
)) (c:/Users/lshandross/AppData/Roaming/TinyTeX/texmf-dist/tex/latex/hycolor/hycolor.sty
Package: hycolor 2020-01-27 v1.10 Color options for hyperref/bookmark (HO)
) (c:/Users/lshandross/AppData/Roaming/TinyTeX/texmf-dist/tex/latex/hyperref/nameref.sty
Package: nameref 2023-11-26 v2.56 Cross-referencing by name of section
 (c:/Users/lshandross/AppData/Roaming/TinyTeX/texmf-dist/tex/latex/refcount/refcount.sty
Package: refcount 2019/12/15 v3.6 Data extraction from label references (HO)
) (c:/Users/lshandross/AppData/Roaming/TinyTeX/texmf-dist/tex/generic/gettitlestring/gettitlestring.sty
Package: gettitlestring 2019/12/15 v1.6 Cleanup title references (HO)
 (c:/Users/lshandross/AppData/Roaming/TinyTeX/texmf-dist/tex/latex/kvoptions/kvoptions.sty
Package: kvoptions 2022-06-15 v3.15 Key value format for package options (HO)
))
\c@section@level=\count276
) (c:/Users/lshandross/AppData/Roaming/TinyTeX/texmf-dist/tex/generic/stringenc/stringenc.sty
Package: stringenc 2019/11/29 v1.12 Convert strings between diff. encodings (HO)
)
\@linkdim=\dimen142
\Hy@linkcounter=\count277
\Hy@pagecounter=\count278
 (c:/Users/lshandross/AppData/Roaming/TinyTeX/texmf-dist/tex/latex/hyperref/pd1enc.def
File: pd1enc.def 2024-11-05 v7.01l Hyperref: PDFDocEncoding definition (HO)
Now handling font encoding PD1 ...
... no UTF-8 mapping file for font encoding PD1
) (c:/Users/lshandross/AppData/Roaming/TinyTeX/texmf-dist/tex/generic/intcalc/intcalc.sty
Package: intcalc 2019/12/15 v1.3 Expandable calculations with integers (HO)
)
\Hy@SavedSpaceFactor=\count279
 (c:/Users/lshandross/AppData/Roaming/TinyTeX/texmf-dist/tex/latex/hyperref/puenc.def
File: puenc.def 2024-11-05 v7.01l Hyperref: PDF Unicode definition (HO)
Now handling font encoding PU ...
... no UTF-8 mapping file for font encoding PU
)
Package hyperref Info: Hyper figures OFF on input line 4157.
Package hyperref Info: Link nesting OFF on input line 4162.
Package hyperref Info: Hyper index ON on input line 4165.
Package hyperref Info: Plain pages OFF on input line 4172.
Package hyperref Info: Backreferencing OFF on input line 4177.
Package hyperref Info: Implicit mode ON; LaTeX internals redefined.
Package hyperref Info: Bookmarks ON on input line 4424.
\c@Hy@tempcnt=\count280
 (c:/Users/lshandross/AppData/Roaming/TinyTeX/texmf-dist/tex/latex/url/url.sty
\Urlmuskip=\muskip17
Package: url 2013/09/16  ver 3.4  Verb mode for urls, etc.
)
LaTeX Info: Redefining \url on input line 4763.
\XeTeXLinkMargin=\dimen143
 (c:/Users/lshandross/AppData/Roaming/TinyTeX/texmf-dist/tex/generic/bitset/bitset.sty
Package: bitset 2019/12/09 v1.3 Handle bit-vector datatype (HO)
 (c:/Users/lshandross/AppData/Roaming/TinyTeX/texmf-dist/tex/generic/bigintcalc/bigintcalc.sty
Package: bigintcalc 2019/12/15 v1.5 Expandable calculations on big integers (HO)
))
\Fld@menulength=\count281
\Field@Width=\dimen144
\Fld@charsize=\dimen145
Package hyperref Info: Hyper figures OFF on input line 6042.
Package hyperref Info: Link nesting OFF on input line 6047.
Package hyperref Info: Hyper index ON on input line 6050.
Package hyperref Info: backreferencing OFF on input line 6057.
Package hyperref Info: Link coloring OFF on input line 6062.
Package hyperref Info: Link coloring with OCG OFF on input line 6067.
Package hyperref Info: PDF/A mode OFF on input line 6072.
 (c:/Users/lshandross/AppData/Roaming/TinyTeX/texmf-dist/tex/latex/base/atbegshi-ltx.sty
Package: atbegshi-ltx 2021/01/10 v1.0c Emulation of the original atbegshi
package with kernel methods
)
\Hy@abspage=\count282
\c@Item=\count283
\c@Hfootnote=\count284
)
Package hyperref Info: Driver (autodetected): hpdftex.
 (c:/Users/lshandross/AppData/Roaming/TinyTeX/texmf-dist/tex/latex/hyperref/hpdftex.def
File: hpdftex.def 2024-11-05 v7.01l Hyperref driver for pdfTeX
 (c:/Users/lshandross/AppData/Roaming/TinyTeX/texmf-dist/tex/latex/base/atveryend-ltx.sty
Package: atveryend-ltx 2020/08/19 v1.0a Emulation of the original atveryend package
with kernel methods
)
\Fld@listcount=\count285
\c@bookmark@seq@number=\count286
 (c:/Users/lshandross/AppData/Roaming/TinyTeX/texmf-dist/tex/latex/rerunfilecheck/rerunfilecheck.sty
Package: rerunfilecheck 2022-07-10 v1.10 Rerun checks for auxiliary files (HO)
 (c:/Users/lshandross/AppData/Roaming/TinyTeX/texmf-dist/tex/generic/uniquecounter/uniquecounter.sty
Package: uniquecounter 2019/12/15 v1.4 Provide unlimited unique counter (HO)
)
Package uniquecounter Info: New unique counter `rerunfilecheck' on input line 285.
)
\Hy@SectionHShift=\skip55
) (c:/Users/lshandross/AppData/Roaming/TinyTeX/texmf-dist/tex/latex/graphics/graphicx.sty
Package: graphicx 2021/09/16 v1.2d Enhanced LaTeX Graphics (DPC,SPQR)
 (c:/Users/lshandross/AppData/Roaming/TinyTeX/texmf-dist/tex/latex/graphics/graphics.sty
Package: graphics 2024/08/06 v1.4g Standard LaTeX Graphics (DPC,SPQR)
 (c:/Users/lshandross/AppData/Roaming/TinyTeX/texmf-dist/tex/latex/graphics/trig.sty
Package: trig 2023/12/02 v1.11 sin cos tan (DPC)
) (c:/Users/lshandross/AppData/Roaming/TinyTeX/texmf-dist/tex/latex/graphics-cfg/graphics.cfg
File: graphics.cfg 2016/06/04 v1.11 sample graphics configuration
)
Package graphics Info: Driver file: pdftex.def on input line 106.
 (c:/Users/lshandross/AppData/Roaming/TinyTeX/texmf-dist/tex/latex/graphics-def/pdftex.def
File: pdftex.def 2024/04/13 v1.2c Graphics/color driver for pdftex
))
\Gin@req@height=\dimen146
\Gin@req@width=\dimen147
) (c:/Users/lshandross/AppData/Roaming/TinyTeX/texmf-dist/tex/latex/amsmath/amsmath.sty
Package: amsmath 2024/11/05 v2.17t AMS math features
\@mathmargin=\skip56

For additional information on amsmath, use the `?' option.
(c:/Users/lshandross/AppData/Roaming/TinyTeX/texmf-dist/tex/latex/amsmath/amstext.sty
Package: amstext 2021/08/26 v2.01 AMS text
 (c:/Users/lshandross/AppData/Roaming/TinyTeX/texmf-dist/tex/latex/amsmath/amsgen.sty
File: amsgen.sty 1999/11/30 v2.0 generic functions
\@emptytoks=\toks18
\ex@=\dimen148
)) (c:/Users/lshandross/AppData/Roaming/TinyTeX/texmf-dist/tex/latex/amsmath/amsbsy.sty
Package: amsbsy 1999/11/29 v1.2d Bold Symbols
\pmbraise@=\dimen149
) (c:/Users/lshandross/AppData/Roaming/TinyTeX/texmf-dist/tex/latex/amsmath/amsopn.sty
Package: amsopn 2022/04/08 v2.04 operator names
)
\inf@bad=\count287
LaTeX Info: Redefining \frac on input line 233.
\uproot@=\count288
\leftroot@=\count289
LaTeX Info: Redefining \overline on input line 398.
LaTeX Info: Redefining \colon on input line 409.
\classnum@=\count290
\DOTSCASE@=\count291
LaTeX Info: Redefining \ldots on input line 495.
LaTeX Info: Redefining \dots on input line 498.
LaTeX Info: Redefining \cdots on input line 619.
\Mathstrutbox@=\box52
\strutbox@=\box53
LaTeX Info: Redefining \big on input line 721.
LaTeX Info: Redefining \Big on input line 722.
LaTeX Info: Redefining \bigg on input line 723.
LaTeX Info: Redefining \Bigg on input line 724.
\big@size=\dimen150
LaTeX Font Info:    Redeclaring font encoding OML on input line 742.
LaTeX Font Info:    Redeclaring font encoding OMS on input line 743.
\macc@depth=\count292
LaTeX Info: Redefining \bmod on input line 904.
LaTeX Info: Redefining \pmod on input line 909.
LaTeX Info: Redefining \smash on input line 939.
LaTeX Info: Redefining \relbar on input line 969.
LaTeX Info: Redefining \Relbar on input line 970.
\c@MaxMatrixCols=\count293
\dotsspace@=\muskip18
\c@parentequation=\count294
\dspbrk@lvl=\count295
\tag@help=\toks19
\row@=\count296
\column@=\count297
\maxfields@=\count298
\andhelp@=\toks20
\eqnshift@=\dimen151
\alignsep@=\dimen152
\tagshift@=\dimen153
\tagwidth@=\dimen154
\totwidth@=\dimen155
\lineht@=\dimen156
\@envbody=\toks21
\multlinegap=\skip57
\multlinetaggap=\skip58
\mathdisplay@stack=\toks22
LaTeX Info: Redefining \[ on input line 2953.
LaTeX Info: Redefining \] on input line 2954.
) (c:/Users/lshandross/AppData/Roaming/TinyTeX/texmf-dist/tex/latex/amsfonts/amssymb.sty
Package: amssymb 2013/01/14 v3.01 AMS font symbols
 (c:/Users/lshandross/AppData/Roaming/TinyTeX/texmf-dist/tex/latex/amsfonts/amsfonts.sty
Package: amsfonts 2013/01/14 v3.01 Basic AMSFonts support
\symAMSa=\mathgroup4
\symAMSb=\mathgroup5
LaTeX Font Info:    Redeclaring math symbol \hbar on input line 98.
LaTeX Font Info:    Overwriting math alphabet `\mathfrak' in version `bold'
(Font)                  U/euf/m/n --> U/euf/b/n on input line 106.
)) (c:/Users/lshandross/AppData/Roaming/TinyTeX/texmf-dist/tex/latex/lipsum/lipsum.sty (c:/Users/lshandross/AppData/Roaming/TinyTeX/texmf-dist/tex/latex/l3packages/l3keys2e/l3keys2e.sty (c:/Users/lshandross/AppData/Roaming/TinyTeX/texmf-dist/tex/latex/l3kernel/expl3.sty
Package: expl3 2024-12-25 L3 programming layer (loader) 
 (c:/Users/lshandross/AppData/Roaming/TinyTeX/texmf-dist/tex/latex/l3backend/l3backend-pdftex.def
File: l3backend-pdftex.def 2024-05-08 L3 backend support: PDF output (pdfTeX)
\l__color_backend_stack_int=\count299
\l__pdf_internal_box=\box54
))
Package: l3keys2e 2024-08-16 LaTeX2e option processing using LaTeX3 keys
)
Package: lipsum 2021-09-20 v2.7 150 paragraphs of Lorem Ipsum dummy text
\g__lipsum_par_int=\count300
\l__lipsum_a_int=\count301
\l__lipsum_b_int=\count302
 (c:/Users/lshandross/AppData/Roaming/TinyTeX/texmf-dist/tex/latex/lipsum/lipsum.ltd.tex)) (c:/Users/lshandross/AppData/Roaming/TinyTeX/texmf-dist/tex/latex/base/latexsym.sty
Package: latexsym 1998/08/17 v2.2e Standard LaTeX package (lasy symbols)
\symlasy=\mathgroup6
LaTeX Font Info:    Overwriting symbol font `lasy' in version `bold'
(Font)                  U/lasy/m/n --> U/lasy/b/n on input line 52.
) (c:/Users/lshandross/AppData/Roaming/TinyTeX/texmf-dist/tex/latex/booktabs/booktabs.sty
Package: booktabs 2020/01/12 v1.61803398 Publication quality tables
\heavyrulewidth=\dimen157
\lightrulewidth=\dimen158
\cmidrulewidth=\dimen159
\belowrulesep=\dimen160
\belowbottomsep=\dimen161
\aboverulesep=\dimen162
\abovetopsep=\dimen163
\cmidrulesep=\dimen164
\cmidrulekern=\dimen165
\defaultaddspace=\dimen166
\@cmidla=\count303
\@cmidlb=\count304
\@aboverulesep=\dimen167
\@belowrulesep=\dimen168
\@thisruleclass=\count305
\@lastruleclass=\count306
\@thisrulewidth=\dimen169
) (c:/Users/lshandross/AppData/Roaming/TinyTeX/texmf-dist/tex/latex/tools/longtable.sty
Package: longtable 2024-10-27 v4.22 Multi-page Table package (DPC)
\LTleft=\skip59
\LTright=\skip60
\LTpre=\skip61
\LTpost=\skip62
\LTchunksize=\count307
\LTcapwidth=\dimen170
\LT@head=\box55
\LT@firsthead=\box56
\LT@foot=\box57
\LT@lastfoot=\box58
\LT@gbox=\box59
\LT@cols=\count308
\LT@rows=\count309
\c@LT@tables=\count310
\c@LT@chunks=\count311
\LT@p@ftn=\toks23
) (c:/Program Files/R/R-4.4.1/share/texmf/tex/latex/Sweave.sty
Package: Sweave 
 (c:/Users/lshandross/AppData/Roaming/TinyTeX/texmf-dist/tex/latex/base/ifthen.sty
Package: ifthen 2024/03/16 v1.1e Standard LaTeX ifthen package (DPC)
) (c:/Users/lshandross/AppData/Roaming/TinyTeX/texmf-dist/tex/latex/fancyvrb/fancyvrb.sty
Package: fancyvrb 2024/01/20 4.5c verbatim text (tvz,hv)
\FV@CodeLineNo=\count312
\FV@InFile=\read2
\FV@TabBox=\box60
\c@FancyVerbLine=\count313
\FV@StepNumber=\count314
\FV@OutFile=\write3
) (c:/Users/lshandross/AppData/Roaming/TinyTeX/texmf-dist/tex/latex/base/textcomp.sty
Package: textcomp 2024/04/24 v2.1b Standard LaTeX package
) (c:/Users/lshandross/AppData/Roaming/TinyTeX/texmf-dist/tex/latex/base/fontenc.sty
Package: fontenc 2021/04/29 v2.0v Standard LaTeX package
))
Disabled uppercase in PDF strings
(./ms_thesis.aux)
\openout1 = `ms_thesis.aux'.

LaTeX Font Info:    Checking defaults for OML/cmm/m/it on input line 14.
LaTeX Font Info:    ... okay on input line 14.
LaTeX Font Info:    Checking defaults for OMS/cmsy/m/n on input line 14.
LaTeX Font Info:    ... okay on input line 14.
LaTeX Font Info:    Checking defaults for OT1/cmr/m/n on input line 14.
LaTeX Font Info:    ... okay on input line 14.
LaTeX Font Info:    Checking defaults for T1/cmr/m/n on input line 14.
LaTeX Font Info:    ... okay on input line 14.
LaTeX Font Info:    Checking defaults for TS1/cmr/m/n on input line 14.
LaTeX Font Info:    ... okay on input line 14.
LaTeX Font Info:    Checking defaults for OMX/cmex/m/n on input line 14.
LaTeX Font Info:    ... okay on input line 14.
LaTeX Font Info:    Checking defaults for U/cmr/m/n on input line 14.
LaTeX Font Info:    ... okay on input line 14.
LaTeX Font Info:    Checking defaults for PD1/pdf/m/n on input line 14.
LaTeX Font Info:    ... okay on input line 14.
LaTeX Font Info:    Checking defaults for PU/pdf/m/n on input line 14.
LaTeX Font Info:    ... okay on input line 14.
Package hyperref Info: Link coloring OFF on input line 14.
 (./ms_thesis.out) (./ms_thesis.out)
\@outlinefile=\write4
\openout4 = `ms_thesis.out'.

 (c:/Users/lshandross/AppData/Roaming/TinyTeX/texmf-dist/tex/latex/epstopdf-pkg/epstopdf-base.sty
Package: epstopdf-base 2020-01-24 v2.11 Base part for package epstopdf
 (c:/Users/lshandross/AppData/Roaming/TinyTeX/texmf-dist/tex/latex/grfext/grfext.sty
Package: grfext 2019/12/03 v1.3 Manage graphics extensions (HO)
)
Package epstopdf-base Info: Redefining graphics rule for `.eps' on input line 485.
Package grfext Info: Graphics extension search list:
(grfext)             [.pdf,.png,.jpg,.mps,.jpeg,.jbig2,.jb2,.PDF,.PNG,.JPG,.JPEG,.JBIG2,.JB2,.eps]
(grfext)             \AppendGraphicsExtensions on input line 504.
 (c:/Users/lshandross/AppData/Roaming/TinyTeX/texmf-dist/tex/latex/latexconfig/epstopdf-sys.cfg
File: epstopdf-sys.cfg 2010/07/13 v1.3 Configuration of (r)epstopdf for TeX Live
)) (./ms_thesis-concordance.tex)

[1

{c:/Users/lshandross/AppData/Roaming/TinyTeX/texmf-var/fonts/map/pdftex/updmap/pdftex.map}]
\lenguide=\skip63


[2

]

[3


]

[4] (./ms_thesis.toc
LaTeX Font Info:    Trying to load font information for U+msa on input line 1.
 (c:/Users/lshandross/AppData/Roaming/TinyTeX/texmf-dist/tex/latex/amsfonts/umsa.fd
File: umsa.fd 2013/01/14 v3.01 AMS symbols A
)
LaTeX Font Info:    Trying to load font information for U+msb on input line 1.
 (c:/Users/lshandross/AppData/Roaming/TinyTeX/texmf-dist/tex/latex/amsfonts/umsb.fd
File: umsb.fd 2013/01/14 v3.01 AMS symbols B
)
LaTeX Font Info:    Trying to load font information for U+lasy on input line 1.
 (c:/Users/lshandross/AppData/Roaming/TinyTeX/texmf-dist/tex/latex/base/ulasy.fd
File: ulasy.fd 1998/08/17 v2.2e LaTeX symbol font definitions
)

[5

])
\tf@toc=\write5
\openout5 = `ms_thesis.toc'.



[6] (./ms_thesis.lot)
\tf@lot=\write6
\openout6 = `ms_thesis.lot'.



[7

] (./ms_thesis.lof)
\tf@lof=\write7
\openout7 = `ms_thesis.lof'.



[8

]
Chapter 1.


[1


]

[2]

[3]

[4]
Chapter 2.


[5

]

[6]

[7]

[8]
<ms_thesis-evaluation_period_plot.pdf, id=380, 650.43pt x 433.62pt>
File: ms_thesis-evaluation_period_plot.pdf Graphic file (type pdf)
<use ms_thesis-evaluation_period_plot.pdf>
Package pdftex.def Info: ms_thesis-evaluation_period_plot.pdf  used on input line 124.
(pdftex.def)             Requested size: 433.62pt x 289.0881pt.


[9 <./ms_thesis-evaluation_period_plot.pdf>]

[10]

[11]
<ms_thesis-thief_concept_plot.pdf, id=423, 794.97pt x 867.24pt>
File: ms_thesis-thief_concept_plot.pdf Graphic file (type pdf)
<use ms_thesis-thief_concept_plot.pdf>
Package pdftex.def Info: ms_thesis-thief_concept_plot.pdf  used on input line 152.
(pdftex.def)             Requested size: 433.62pt x 473.05328pt.


[12]

[13 <./ms_thesis-thief_concept_plot.pdf>]

[14]
LaTeX Font Info:    Font shape `U/lasy/b/n' in size <8> not available
(Font)              Font shape `U/lasy/m/n' tried instead on input line 166.
LaTeX Font Info:    Font shape `U/lasy/b/n' in size <6> not available
(Font)              Font shape `U/lasy/m/n' tried instead on input line 166.


[15]

[16]

[17]

[18]

[19]

[20]

[21]

[22]

[23]

[24]

[25]

[26]

[27]

[28]

[29]
Chapter 3.

Overfull \hbox (3.75247pt too wide) in paragraph at lines 293--294
\T1/cmr/m/n/12 per-formed the best, fol-lowed by the orig-i-nal THieF mod-els, then the ARIMA/SARIMA
 []



[30

]
Overfull \hbox (1.1292pt too wide) in paragraph at lines 346--378
 [] 
 []

<ms_thesis-forecast_models_plot.pdf, id=596, 722.7pt x 867.24pt>
File: ms_thesis-forecast_models_plot.pdf Graphic file (type pdf)
<use ms_thesis-forecast_models_plot.pdf>
Package pdftex.def Info: ms_thesis-forecast_models_plot.pdf  used on input line 389.
(pdftex.def)             Requested size: 433.62pt x 520.34802pt.

Overfull \hbox (3.56198pt too wide) in paragraph at lines 398--412
 [] 
 []


Overfull \hbox (14.50374pt too wide) in paragraph at lines 421--435
 [] 
 []


LaTeX Warning: `h' float specifier changed to `ht'.


Overfull \hbox (6.76102pt too wide) in paragraph at lines 439--440
\T1/cmr/m/n/12 4_week_ensemble has the low-est WIS and MAE by a sub-stan-tial mar-gin. THieF_6wk-
 []



[31]

[32]

[33]

[34 <./ms_thesis-forecast_models_plot.pdf>]

[35]

[36]
<ms_thesis-horizon_plot.pdf, id=638, 578.16pt x 722.7pt>
File: ms_thesis-horizon_plot.pdf Graphic file (type pdf)
<use ms_thesis-horizon_plot.pdf>
Package pdftex.def Info: ms_thesis-horizon_plot.pdf  used on input line 455.
(pdftex.def)             Requested size: 433.62pt x 542.02367pt.


[37]

[38 <./ms_thesis-horizon_plot.pdf>]

[39]
<ms_thesis-wave_plot.pdf, id=666, 578.16pt x 722.7pt>
File: ms_thesis-wave_plot.pdf Graphic file (type pdf)
<use ms_thesis-wave_plot.pdf>
Package pdftex.def Info: ms_thesis-wave_plot.pdf  used on input line 470.
(pdftex.def)             Requested size: 433.62pt x 542.02367pt.


[40]

[41 <./ms_thesis-wave_plot.pdf>]
<ms_thesis-states_date_plot.pdf, id=692, 578.16pt x 722.7pt>
File: ms_thesis-states_date_plot.pdf Graphic file (type pdf)
<use ms_thesis-states_date_plot.pdf>
Package pdftex.def Info: ms_thesis-states_date_plot.pdf  used on input line 485.
(pdftex.def)             Requested size: 433.62pt x 542.02367pt.
<ms_thesis-us_date_plot.pdf, id=693, 578.16pt x 722.7pt>
File: ms_thesis-us_date_plot.pdf Graphic file (type pdf)
<use ms_thesis-us_date_plot.pdf>
Package pdftex.def Info: ms_thesis-us_date_plot.pdf  used on input line 491.
(pdftex.def)             Requested size: 433.62pt x 542.02367pt.


[42]

[43 <./ms_thesis-states_date_plot.pdf>]

[44 <./ms_thesis-us_date_plot.pdf>]
<ms_thesis-location_plot.pdf, id=726, 1084.05pt x 1300.86pt>
File: ms_thesis-location_plot.pdf Graphic file (type pdf)
<use ms_thesis-location_plot.pdf>
Package pdftex.def Info: ms_thesis-location_plot.pdf  used on input line 502.
(pdftex.def)             Requested size: 433.62pt x 520.3348pt.


[45]

[46 <./ms_thesis-location_plot.pdf>]
Chapter 4.


[47

]

[48]
Overfull \hbox (4.1598pt too wide) in paragraph at lines 516--517
\T1/cmr/bx/n/12 un-trained THieF en-sem-bles. \T1/cmr/m/n/12 THieF_ensemble-train3 and THieF_ensemble-
 []



[49]

[50]

[51]

[52]

Package hyperref Warning: bookmark level for unknown Appendix defaults to 0.

<../honors_thesis/thief_all.jpg, id=771, 368.8179pt x 361.35pt>
File: ../honors_thesis/thief_all.jpg Graphic file (type jpg)
<use ../honors_thesis/thief_all.jpg>
Package pdftex.def Info: ../honors_thesis/thief_all.jpg  used on input line 541.
(pdftex.def)             Requested size: 411.93767pt x 403.60098pt.


[53

 <../honors_thesis/thief_all.jpg>]
Overfull \hbox (1.1292pt too wide) in alignment at lines 549--584
 [] [] [] [] [] [] [] [] 
 []



[54]
Overfull \hbox (1.1292pt too wide) in alignment at lines 598--633
 [] [] [] [] [] [] [] [] 
 []



[55]
Overfull \hbox (18.24171pt too wide) in alignment at lines 648--692
 [] [] [] [] [] [] [] [] 
 []

[56]

[57]
Overfull \hbox (29.18347pt too wide) in alignment at lines 706--750
 [] [] [] [] [] [] [] [] 
 []

[58]

[59]
Overfull \hbox (39.70674pt too wide) in alignment at lines 765--845
 [] [] [] [] [] [] [] [] [] 
 []

[60] [61]

[62]
Overfull \hbox (45.5803pt too wide) in alignment at lines 860--940
 [] [] [] [] [] [] [] [] [] 
 []

[63] [64] (./ms_thesis.bbl

[65]

Package hyperref Warning: bookmark level for unknown BackMatter defaults to 0.



[66

]
Underfull \hbox (badness 10000) in paragraph at lines 98--102
\T1/cmtt/m/n/12 gov / Hospital / COVID-[]19-[]Reported-[]Patient-[]Impact-[]and-[]Hospital-[]Capa /
 []

)

[67] (./ms_thesis.aux)
 ***********
LaTeX2e <2024-11-01> patch level 1
L3 programming layer <2024-12-25>
 ***********
Package rerunfilecheck Info: File `ms_thesis.out' has not changed.
(rerunfilecheck)             Checksum: 6778BAD5B2E2B07B53B62E184DCD5012;5597.
 ) 
Here is how much of TeX's memory you used:
 11490 strings out of 475178
 183869 string characters out of 5764018
 699709 words of memory out of 5000000
 34122 multiletter control sequences out of 15000+600000
 576170 words of font info for 89 fonts, out of 8000000 for 9000
 14 hyphenation exceptions out of 8191
 79i,11n,93p,1413b,591s stack positions out of 10000i,1000n,20000p,200000b,200000s
 <c:/Users/lshandross/AppData/Roaming/TinyTeX/texmf-var/fonts/pk/ljfour/jknappen/ec/ectt1200.600pk> <c:/Users/lshandross/AppData/Roaming/TinyTeX/texmf-var/fonts/pk/ljfour/jknappen/ec/tcrm1200.600pk> <c:/Users/lshandross/AppData/Roaming/TinyTeX/texmf-var/fonts/pk/ljfour/jknappen/ec/ecrm1000.600pk> <c:/Users/lshandross/AppData/Roaming/TinyTeX/texmf-var/fonts/pk/ljfour/jknappen/ec/ecrm0700.600pk> <c:/Users/lshandross/AppData/Roaming/TinyTeX/texmf-var/fonts/pk/ljfour/jknappen/ec/ecrm0800.600pk> <c:/Users/lshandross/AppData/Roaming/TinyTeX/texmf-var/fonts/pk/ljfour/jknappen/ec/ecti1200.600pk> <c:/Users/lshandross/AppData/Roaming/TinyTeX/texmf-var/fonts/pk/ljfour/jknappen/ec/ecbx1200.600pk> <c:/Users/lshandross/AppData/Roaming/TinyTeX/texmf-var/fonts/pk/ljfour/jknappen/ec/ecrm1200.600pk> <c:/Users/lshandross/AppData/Roaming/TinyTeX/texmf-var/fonts/pk/ljfour/jknappen/ec/ecbx1440.600pk><c:/Users/lshandross/AppData/Roaming/TinyTeX/texmf-dist/fonts/type1/public/amsfonts/cmextra/cmbsy8.pfb><c:/Users/lshandross/AppData/Roaming/TinyTeX/texmf-dist/fonts/type1/public/amsfonts/cm/cmbx12.pfb><c:/Users/lshandross/AppData/Roaming/TinyTeX/texmf-dist/fonts/type1/public/amsfonts/cm/cmbx8.pfb><c:/Users/lshandross/AppData/Roaming/TinyTeX/texmf-dist/fonts/type1/public/amsfonts/cm/cmex10.pfb><c:/Users/lshandross/AppData/Roaming/TinyTeX/texmf-dist/fonts/type1/public/amsfonts/cm/cmmi10.pfb><c:/Users/lshandross/AppData/Roaming/TinyTeX/texmf-dist/fonts/type1/public/amsfonts/cm/cmmi12.pfb><c:/Users/lshandross/AppData/Roaming/TinyTeX/texmf-dist/fonts/type1/public/amsfonts/cm/cmmi6.pfb><c:/Users/lshandross/AppData/Roaming/TinyTeX/texmf-dist/fonts/type1/public/amsfonts/cm/cmmi8.pfb><c:/Users/lshandross/AppData/Roaming/TinyTeX/texmf-dist/fonts/type1/public/amsfonts/cm/cmmib10.pfb><c:/Users/lshandross/AppData/Roaming/TinyTeX/texmf-dist/fonts/type1/public/amsfonts/cmextra/cmmib8.pfb><c:/Users/lshandross/AppData/Roaming/TinyTeX/texmf-dist/fonts/type1/public/amsfonts/cm/cmr12.pfb><c:/Users/lshandross/AppData/Roaming/TinyTeX/texmf-dist/fonts/type1/public/amsfonts/cm/cmr6.pfb><c:/Users/lshandross/AppData/Roaming/TinyTeX/texmf-dist/fonts/type1/public/amsfonts/cm/cmr8.pfb><c:/Users/lshandross/AppData/Roaming/TinyTeX/texmf-dist/fonts/type1/public/amsfonts/cm/cmsy10.pfb><c:/Users/lshandross/AppData/Roaming/TinyTeX/texmf-dist/fonts/type1/public/amsfonts/cm/cmsy6.pfb><c:/Users/lshandross/AppData/Roaming/TinyTeX/texmf-dist/fonts/type1/public/amsfonts/cm/cmsy8.pfb><c:/Users/lshandross/AppData/Roaming/TinyTeX/texmf-dist/fonts/type1/public/amsfonts/symbols/msbm10.pfb>
Output written on ms_thesis.pdf (75 pages, 1099736 bytes).
PDF statistics:
 1359 PDF objects out of 1440 (max. 8388607)
 849 compressed objects within 9 object streams
 163 named destinations out of 1000 (max. 500000)
 330 words of extra memory for PDF output out of 10000 (max. 10000000)

