\BOOKMARK [0][-]{chapter*.1}{\376\377\000A\000b\000s\000t\000r\000a\000c\000t}{}% 1
\BOOKMARK [0][-]{chapter*.3}{\376\377\000L\000i\000s\000t\000\040\000o\000f\000\040\000T\000a\000b\000l\000e\000s}{}% 2
\BOOKMARK [0][-]{chapter*.4}{\376\377\000L\000i\000s\000t\000\040\000o\000f\000\040\000F\000i\000g\000u\000r\000e\000s}{}% 3
\BOOKMARK [0][-]{chapter.1}{\376\377\000I\000n\000t\000r\000o\000d\000u\000c\000t\000i\000o\000n}{}% 4
\BOOKMARK [0][-]{chapter.2}{\376\377\000M\000e\000t\000h\000o\000d\000s}{}% 5
\BOOKMARK [1][-]{section.2.1}{\376\377\000S\000u\000r\000v\000e\000i\000l\000l\000a\000n\000c\000e\000\040\000d\000a\000t\000a}{chapter.2}% 6
\BOOKMARK [1][-]{section.2.2}{\376\377\000F\000o\000r\000e\000c\000a\000s\000t\000s}{chapter.2}% 7
\BOOKMARK [2][-]{subsection.2.2.1}{\376\377\000F\000o\000r\000e\000c\000a\000s\000t\000\040\000h\000o\000r\000i\000z\000o\000n\000s}{section.2.2}% 8
\BOOKMARK [2][-]{subsection.2.2.2}{\376\377\000F\000o\000r\000e\000c\000a\000s\000t\000\040\000l\000o\000c\000a\000t\000i\000o\000n\000s}{section.2.2}% 9
\BOOKMARK [2][-]{subsection.2.2.3}{\376\377\000F\000o\000r\000e\000c\000a\000s\000t\000\040\000q\000u\000a\000n\000t\000i\000l\000e\000s}{section.2.2}% 10
\BOOKMARK [1][-]{section.2.3}{\376\377\000D\000a\000t\000e\000\040\000r\000a\000n\000g\000e\000\040\000o\000f\000\040\000a\000n\000a\000l\000y\000s\000i\000s}{chapter.2}% 11
\BOOKMARK [1][-]{section.2.4}{\376\377\000B\000e\000n\000c\000h\000m\000a\000r\000k\000\040\000c\000o\000m\000p\000a\000r\000i\000s\000o\000n\000\040\000m\000o\000d\000e\000l\000s}{chapter.2}% 12
\BOOKMARK [1][-]{section.2.5}{\376\377\000T\000e\000m\000p\000o\000r\000a\000l\000\040\000h\000i\000e\000r\000a\000r\000c\000h\000i\000c\000a\000l\000\040\000f\000o\000r\000e\000c\000a\000s\000t\000i\000n\000g\000\040\000\050\000T\000H\000i\000e\000F\000\051}{chapter.2}% 13
\BOOKMARK [2][-]{subsection.2.5.1}{\376\377\000D\000a\000t\000a\000\040\000A\000g\000g\000r\000e\000g\000a\000t\000i\000o\000n\000\040\000a\000n\000d\000\040\000H\000i\000e\000r\000a\000r\000c\000h\000y}{section.2.5}% 14
\BOOKMARK [2][-]{subsection.2.5.2}{\376\377\000B\000a\000s\000e\000\040\000F\000o\000r\000e\000c\000a\000s\000t\000s}{section.2.5}% 15
\BOOKMARK [2][-]{subsection.2.5.3}{\376\377\000R\000e\000c\000o\000n\000c\000i\000l\000e\000d\000\040\000F\000o\000r\000e\000c\000a\000s\000t\000s}{section.2.5}% 16
\BOOKMARK [2][-]{subsection.2.5.4}{\376\377\000M\000a\000k\000i\000n\000g\000\040\000T\000H\000i\000e\000F\000\040\000P\000r\000o\000b\000a\000b\000i\000l\000i\000s\000t\000i\000c}{section.2.5}% 17
\BOOKMARK [1][-]{section.2.6}{\376\377\000M\000o\000d\000e\000l\000\040\000s\000p\000e\000c\000i\000f\000i\000c\000a\000t\000i\000o\000n\000s}{chapter.2}% 18
\BOOKMARK [2][-]{subsection.2.6.1}{\376\377\000O\000r\000i\000g\000i\000n\000a\000l\000\040\000T\000H\000i\000e\000F\000\040\000m\000o\000d\000e\000l\000s}{section.2.6}% 19
\BOOKMARK [2][-]{subsection.2.6.2}{\376\377\000T\000H\000i\000e\000F\000\040\000e\000n\000s\000e\000m\000b\000l\000e\000\040\000m\000o\000d\000e\000l\000s}{section.2.6}% 20
\BOOKMARK [2][-]{subsection.2.6.3}{\376\377\000A\000R\000I\000M\000A\000\040\000a\000n\000d\000\040\000S\000A\000R\000I\000M\000A\000\040\000m\000o\000d\000e\000l\000s}{section.2.6}% 21
\BOOKMARK [1][-]{section.2.7}{\376\377\000M\000e\000t\000r\000i\000c\000s\000\040\000a\000n\000d\000\040\000E\000v\000a\000l\000u\000a\000t\000i\000o\000n}{chapter.2}% 22
\BOOKMARK [2][-]{subsection.2.7.1}{\376\377\000V\000a\000l\000i\000d\000a\000t\000i\000o\000n\000\040\000p\000h\000a\000s\000e}{section.2.7}% 23
\BOOKMARK [2][-]{subsection.2.7.2}{\376\377\000T\000e\000s\000t\000i\000n\000g\000\040\000p\000h\000a\000s\000e}{section.2.7}% 24
\BOOKMARK [0][-]{chapter.3}{\376\377\000R\000e\000s\000u\000l\000t\000s}{}% 25
\BOOKMARK [1][-]{section.3.1}{\376\377\000V\000a\000l\000i\000d\000a\000t\000i\000o\000n\000\040\000p\000h\000a\000s\000e}{chapter.3}% 26
\BOOKMARK [1][-]{section.3.2}{\376\377\000T\000e\000s\000t\000i\000n\000g\000\040\000p\000h\000a\000s\000e}{chapter.3}% 27
\BOOKMARK [2][-]{subsection.3.2.1}{\376\377\000O\000v\000e\000r\000a\000l\000l\000\040\000m\000o\000d\000e\000l\000\040\000p\000e\000r\000f\000o\000r\000m\000a\000n\000c\000e}{section.3.2}% 28
\BOOKMARK [2][-]{subsection.3.2.2}{\376\377\000M\000o\000d\000e\000l\000\040\000p\000e\000r\000f\000o\000r\000m\000a\000n\000c\000e\000\040\000b\000y\000\040\000h\000o\000r\000i\000z\000o\000n\000\040\000w\000e\000e\000k}{section.3.2}% 29
\BOOKMARK [2][-]{subsection.3.2.3}{\376\377\000M\000o\000d\000e\000l\000\040\000p\000e\000r\000f\000o\000r\000m\000a\000n\000c\000e\000\040\000b\000y\000\040\000p\000a\000n\000d\000e\000m\000i\000c\000\040\000w\000a\000v\000e}{section.3.2}% 30
\BOOKMARK [2][-]{subsection.3.2.4}{\376\377\000M\000o\000d\000e\000l\000\040\000p\000e\000r\000f\000o\000r\000m\000a\000n\000c\000e\000\040\000b\000y\000\040\000f\000o\000r\000e\000c\000a\000s\000t\000\040\000w\000e\000e\000k}{section.3.2}% 31
\BOOKMARK [2][-]{subsection.3.2.5}{\376\377\000M\000o\000d\000e\000l\000\040\000p\000e\000r\000f\000o\000r\000m\000a\000n\000c\000e\000\040\000b\000y\000\040\000l\000o\000c\000a\000t\000i\000o\000n}{section.3.2}% 32
\BOOKMARK [0][-]{chapter.4}{\376\377\000D\000i\000s\000c\000u\000s\000s\000i\000o\000n}{}% 33
\BOOKMARK [0][-]{appendix*.5}{\376\377\000A\000p\000p\000e\000n\000d\000i\000x\000:\000\040\000S\000u\000p\000p\000l\000e\000m\000e\000n\000t\000a\000l\000\040\000m\000a\000t\000e\000r\000i\000a\000l\000s}{}% 34
\BOOKMARK [0][-]{appendix*.6}{\376\377\000B\000i\000b\000l\000i\000o\000g\000r\000a\000p\000h\000y}{}% 35
